// Vitest Snapshot v1, https://vitest.dev/guide/snapshot.html

exports[`altın yerleşim, çalışabilirlik ve geçişler (şablonlar) > askeri turbofan 1`] = `
{
  "accel": [
    [
      0.38325,
      0.75603,
    ],
    [
      0.57669,
      0.86208,
    ],
    [
      0.70416,
      0.91283,
    ],
    [
      0.7895,
      0.93882,
    ],
    [
      0.84819,
      0.95555,
    ],
    [
      0.88954,
      0.96735,
    ],
    [
      0.91913,
      0.97585,
    ],
    [
      0.94051,
      0.98204,
    ],
    [
      0.95609,
      0.98658,
    ],
    [
      0.96751,
      0.98992,
    ],
    [
      0.97591,
      0.9924,
    ],
    [
      0.98211,
      0.99423,
    ],
    [
      0.98671,
      0.99559,
    ],
    [
      0.99011,
      0.99661,
    ],
    [
      0.99264,
      0.99736,
    ],
    [
      0.99452,
      0.99792,
    ],
    [
      0.99592,
      0.99834,
    ],
    [
      0.99696,
      0.99865,
    ],
    [
      0.99773,
      0.99888,
    ],
    [
      0.99831,
      0.99905,
    ],
  ],
  "layout": {
    "R": 0.50018,
    "ab": {
      "R": 0.5002,
      "liner": 0.4702,
      "z0": 1.01,
      "z1": 2.5617,
    },
    "exhaustExit": {
      "radius": 0.30422,
      "z": 3.2017,
    },
    "flanges": [
      -2.2,
      -1.5205,
      -0.29091,
      -0.18096,
      0.4303,
      1.01,
      1.7859,
      2.5117,
    ],
    "gas": {
      "casing": [
        [
          0.33992,
          -0.38091,
        ],
        [
          0.33954,
          -0.18096,
        ],
        [
          0.33954,
          0.32021,
        ],
        [
          0.33934,
          0.5004,
        ],
        [
          0.42037,
          1.01,
        ],
      ],
      "combustor": {
        "injectors": 18,
        "rIn": 0.19924,
        "rOut": 0.32954,
        "z0": -0.20096,
        "z1": 0.32021,
      },
      "hpc": {
        "blades": [
          40,
          72,
        ],
        "hub": [
          0.19984,
          0.26988,
        ],
        "loading": 0.22738,
        "pitch": 0.10664,
        "stages": 10,
        "tip": [
          0.33474,
          0.29992,
        ],
        "uMean": 417.28,
        "uTip": 498,
        "z0": -1.3206,
        "z1": -0.36091,
      },
      "hpt": {
        "blades": [
          62,
          62,
        ],
        "hub": [
          0.24942,
          0.249,
        ],
        "loading": 2.0329,
        "pitch": 0.16022,
        "stages": 1,
        "tip": [
          0.33434,
          0.33434,
        ],
        "uMean": 438.68,
        "uTip": 497.41,
        "z0": 0.4604,
        "z1": 0.4604,
      },
      "lpc": {
        "blades": [
          28,
          46,
        ],
        "firstChord": 1.25,
        "firstMaterial": "titanium",
        "hub": [
          0.18994,
          0.2603,
        ],
        "loading": 0.28848,
        "part": "fan",
        "pitch": 0.19983,
        "stages": 3,
        "tip": [
          0.45991,
          0.43001,
        ],
        "uMean": 385.24,
        "uTip": 501,
        "z0": -2.0202,
        "z1": -1.6205,
      },
      "lpt": {
        "blades": [
          70,
          76,
        ],
        "hub": [
          0.23037,
          0.23058,
        ],
        "loading": 0.88681,
        "pitch": 0.19981,
        "stages": 2,
        "tip": [
          0.37037,
          0.40037,
        ],
        "uMean": 345.93,
        "uTip": 403.46,
        "z0": 0.64023,
        "z1": 0.84004,
      },
      "shafts": {
        "hp": [
          -1.4006,
          0.5104,
          0.14366,
        ],
        "lp": [
          -2.1,
          0.91004,
          0.072092,
        ],
      },
    },
    "igv": 0,
    "intake": {
      "radius": 0.46491,
      "y": 0,
      "z": -2.3,
    },
    "intakeZ": -2.2,
    "noseLen": 0.36011,
    "nozzle": {
      "divergent": 0.34,
      "flaps": 16,
      "hingeR": 0.4802,
      "primary": 0.3,
      "throat0": 0.30422,
    },
    "shell": [
      [
        0.50491,
        -2.08,
      ],
      [
        0.51491,
        -1.9502,
      ],
      [
        0.51491,
        -1.5505,
      ],
      [
        0.50018,
        -1.4505,
      ],
      [
        0.50018,
        0.96004,
      ],
    ],
    "splitterZ": -1.5005,
    "standZ": [
      -0.84077,
      0.89004,
    ],
    "style": "bare",
    "tailCone": [
      0.96004,
      1.4774,
      0.21558,
    ],
    "throat": 0.46491,
    "vsv": [
      {
        "part": "fan",
        "z": [
          -1.9582,
          -1.8343,
        ],
      },
    ],
  },
  "ops": {
    "hpcMap": {
      "betaDesign": 0.5,
      "chokeFlowFactor": 1.03,
      "chokePRFactor": 0.62,
      "surgeFlowFactor": 0.91,
      "surgePRFactor": 1.2,
    },
    "inertia": {
      "hp": 5,
      "lp": 14,
    },
    "limits": {
      "egtAmber": 1100,
      "egtDamage": 1270,
      "egtDamageSeconds": 4,
      "egtRedline": 1130,
      "egtStart": 800,
      "fuelOnMinN2": 0.2,
      "idleN2": 0.64,
      "ignitionMinFar": 0.0055,
      "leanBlowoutFar": 0.0042,
      "n1Redline": 1.04,
      "n2Redline": 1.05,
      "starterCutout": 0.56,
    },
    "start": {
      "farHigh": 0.0165,
      "farLow": 0.0095,
      "starterFadeN2": 0.7,
      "starterTorque": 150,
    },
  },
  "start": [
    [
      0,
      0.035978,
      15.015,
      0,
    ],
    [
      0,
      0.06864,
      15.177,
      0,
    ],
    [
      0,
      0.098169,
      15.605,
      0,
    ],
    [
      0,
      0.12472,
      16.068,
      0,
    ],
    [
      0,
      0.1484,
      16.614,
      0,
    ],
    [
      0,
      0.1692,
      17.278,
      0,
    ],
    [
      0,
      0.18722,
      18.05,
      0,
    ],
    [
      0,
      0.20259,
      18.858,
      0,
    ],
    [
      0,
      0.21548,
      19.647,
      0,
    ],
    [
      0.0000488,
      0.22641,
      49.345,
      1,
    ],
    [
      0.0027349,
      0.25204,
      613.03,
      1,
    ],
    [
      0.0064887,
      0.27542,
      555.85,
      1,
    ],
    [
      0.012071,
      0.30047,
      523.17,
      1,
    ],
    [
      0.020386,
      0.33068,
      502.17,
      1,
    ],
    [
      0.032163,
      0.37005,
      477.4,
      1,
    ],
    [
      0.046221,
      0.42616,
      443.55,
      1,
    ],
    [
      0.052519,
      0.51172,
      394.71,
      1,
    ],
    [
      0.068184,
      0.6194,
      335.25,
      1,
    ],
    [
      0.17073,
      0.63816,
      285.45,
      1,
    ],
    [
      0.20202,
      0.63944,
      275.65,
      1,
    ],
    [
      0.21141,
      0.63983,
      274.31,
      1,
    ],
    [
      0.21421,
      0.63995,
      274.08,
      1,
    ],
    [
      0.21504,
      0.63998,
      274.03,
      1,
    ],
    [
      0.21528,
      0.64,
      274.01,
      1,
    ],
    [
      0.21536,
      0.64,
      274.01,
      1,
    ],
  ],
}
`;

exports[`altın yerleşim, çalışabilirlik ve geçişler (şablonlar) > turbofan 1`] = `
{
  "accel": [
    [
      0.30885,
      0.69432,
    ],
    [
      0.45518,
      0.78706,
    ],
    [
      0.62201,
      0.87995,
    ],
    [
      0.74116,
      0.92512,
    ],
    [
      0.81715,
      0.9456,
    ],
    [
      0.86808,
      0.9594,
    ],
    [
      0.9038,
      0.96969,
    ],
    [
      0.92933,
      0.9773,
    ],
    [
      0.9478,
      0.98293,
    ],
    [
      0.96128,
      0.98711,
    ],
    [
      0.97119,
      0.99022,
    ],
    [
      0.97851,
      0.99255,
    ],
    [
      0.98394,
      0.99428,
    ],
    [
      0.98799,
      0.99558,
    ],
    [
      0.991,
      0.99656,
    ],
    [
      0.99326,
      0.99729,
    ],
    [
      0.99494,
      0.99784,
    ],
    [
      0.99621,
      0.99825,
    ],
    [
      0.99715,
      0.99856,
    ],
    [
      0.99786,
      0.99879,
    ],
  ],
  "layout": {
    "booster": {
      "blades": [
        60,
        70,
      ],
      "hub": [
        0.55194,
        0.60044,
      ],
      "loading": 0.89086,
      "pitch": 0.20954,
      "stages": 3,
      "tip": [
        0.68992,
        0.68302,
      ],
      "uMean": 169.27,
      "uTip": 184.23,
      "z0": 0.19911,
      "z1": 0.6182,
    },
    "bypassExit": {
      "rCore": 0.88013,
      "rDuct": 1.3779,
      "z": 1.5196,
    },
    "chevrons": {
      "bypass": 18,
      "core": 0,
    },
    "combustor": {
      "injectors": 20,
      "rIn": 0.32994,
      "rOut": 0.54002,
      "z0": 1.7694,
      "z1": 2.0995,
    },
    "coreCowl": [
      [
        0.74792,
        0.019621,
      ],
      [
        0.79521,
        0.14962,
      ],
      [
        0.84925,
        0.5182,
      ],
      [
        0.87419,
        1.0895,
      ],
      [
        0.88302,
        1.7295,
      ],
      [
        0.86978,
        2.0995,
      ],
      [
        0.88366,
        2.4795,
      ],
      [
        0.86366,
        3.2737,
      ],
      [
        0.81366,
        3.5437,
      ],
    ],
    "coreNozzle": {
      "r0": 0.81366,
      "r1": 0.70341,
      "z0": 3.5437,
      "z1": 3.8437,
    },
    "exhaustDuct": [
      [
        0.80966,
        3.3887,
      ],
      [
        0.79366,
        3.4737,
      ],
      [
        0.76654,
        3.6037,
      ],
      [
        0.71341,
        3.7437,
      ],
      [
        0.70341,
        3.8437,
      ],
    ],
    "exhaustExit": {
      "radius": 0.61341,
      "z": 3.8337,
    },
    "fan": {
      "blades": [
        22,
        22,
      ],
      "hub": [
        0.45503,
        0.45569,
      ],
      "loading": 0.5561,
      "pitch": 0.46532,
      "stages": 1,
      "tip": [
        1.386,
        1.386,
      ],
      "uMean": 275.46,
      "uTip": 370.1,
      "z0": -0.28038,
      "z1": -0.28038,
    },
    "hpc": {
      "blades": [
        44,
        76,
      ],
      "hub": [
        0.31199,
        0.40401,
      ],
      "loading": 0.30998,
      "pitch": 0.087494,
      "stages": 9,
      "tip": [
        0.52199,
        0.438,
      ],
      "uMean": 450.23,
      "uTip": 552.1,
      "z0": 0.9895,
      "z1": 1.6895,
    },
    "hpt": {
      "blades": [
        62,
        68,
      ],
      "hub": [
        0.35197,
        0.35821,
      ],
      "loading": 1.346,
      "pitch": 0.15999,
      "stages": 2,
      "tip": [
        0.48994,
        0.50316,
      ],
      "uMean": 456.56,
      "uTip": 518.2,
      "z0": 2.2195,
      "z1": 2.3795,
    },
    "intake": {
      "radius": 1.1,
      "y": 0,
      "z": -2.2504,
    },
    "lpt": {
      "blades": [
        110,
        130,
      ],
      "hub": [
        0.54984,
        0.54704,
      ],
      "loading": 2.9214,
      "pitch": 0.13886,
      "stages": 6,
      "tip": [
        0.61093,
        0.76366,
      ],
      "uMean": 166.28,
      "uTip": 163.13,
      "z0": 2.6294,
      "z1": 3.3237,
    },
    "ogv": {
      "hub": 0.81654,
      "tip": 1.392,
      "z": 0.19962,
    },
    "plug": [
      [
        0.53704,
        3.5137,
      ],
      [
        0.53328,
        3.6614,
      ],
      [
        0.51556,
        3.8628,
      ],
      [
        0.4726,
        4.1179,
      ],
      [
        0.40278,
        4.3998,
      ],
      [
        0.31148,
        4.6616,
      ],
      [
        0.21213,
        4.8764,
      ],
      [
        0.11546,
        5.0241,
      ],
      [
        0.040278,
        5.1007,
      ],
      [
        0,
        5.1315,
      ],
    ],
    "rearFrame": {
      "hub": 0.53704,
      "tip": 0.80966,
      "z": 3.4837,
    },
    "s": 1,
    "shafts": {
      "hp": [
        0.8595,
        2.1695,
        0.21747,
      ],
      "lp": [
        -1.5504,
        3.5337,
        0.11961,
      ],
    },
    "splitter": {
      "r": 0.74792,
      "z": 0.019621,
    },
    "struts": {
      "hub": 0.83362,
      "tip": 1.39,
      "z": 0.6182,
    },
    "style": "nacelle",
  },
  "ops": {
    "hpcMap": {
      "betaDesign": 0.5,
      "chokeFlowFactor": 1.03,
      "chokePRFactor": 0.62,
      "surgeFlowFactor": 0.91,
      "surgePRFactor": 1.2,
    },
    "inertia": {
      "hp": 28,
      "lp": 700,
    },
    "limits": {
      "egtAmber": 975,
      "egtDamage": 1150,
      "egtDamageSeconds": 4,
      "egtRedline": 1010,
      "egtStart": 750,
      "fuelOnMinN2": 0.2,
      "idleN2": 0.62,
      "ignitionMinFar": 0.0055,
      "leanBlowoutFar": 0.0042,
      "n1Redline": 1.04,
      "n2Redline": 1.05,
      "starterCutout": 0.56,
    },
    "start": {
      "farHigh": 0.0165,
      "farLow": 0.0095,
      "starterFadeN2": 0.72,
      "starterTorque": 520,
    },
  },
  "start": [
    [
      0,
      0.031095,
      15.019,
      0,
    ],
    [
      0,
      0.059634,
      15.228,
      0,
    ],
    [
      0,
      0.085749,
      15.742,
      0,
    ],
    [
      0,
      0.10954,
      16.418,
      0,
    ],
    [
      0,
      0.13106,
      17.23,
      0,
    ],
    [
      0,
      0.1503,
      18.222,
      0,
    ],
    [
      0,
      0.16722,
      19.4,
      0,
    ],
    [
      0,
      0.18182,
      20.686,
      0,
    ],
    [
      0,
      0.19428,
      21.959,
      0,
    ],
    [
      0,
      0.20475,
      23.165,
      0,
    ],
    [
      0.0000017209,
      0.21342,
      24.261,
      0,
    ],
    [
      0.000087244,
      0.2205,
      25.224,
      0,
    ],
    [
      0.0028929,
      0.23814,
      578.86,
      1,
    ],
    [
      0.010329,
      0.26653,
      633.9,
      1,
    ],
    [
      0.020875,
      0.29372,
      527.75,
      1,
    ],
    [
      0.036546,
      0.32568,
      491.57,
      1,
    ],
    [
      0.055407,
      0.36652,
      461.6,
      1,
    ],
    [
      0.074347,
      0.42213,
      424.27,
      1,
    ],
    [
      0.096462,
      0.50107,
      375.08,
      1,
    ],
    [
      0.13496,
      0.59781,
      320.34,
      1,
    ],
    [
      0.1944,
      0.61736,
      264.72,
      1,
    ],
    [
      0.21156,
      0.61917,
      255.06,
      1,
    ],
    [
      0.21684,
      0.61974,
      254.25,
      1,
    ],
    [
      0.21846,
      0.61992,
      254.25,
      1,
    ],
    [
      0.21896,
      0.61997,
      254.27,
      1,
    ],
  ],
}
`;

exports[`altın yerleşim, çalışabilirlik ve geçişler (şablonlar) > turbojet 1`] = `
{
  "accel": [
    [
      0.30031,
      0.79768,
    ],
    [
      0.49357,
      0.86928,
    ],
    [
      0.65742,
      0.92197,
    ],
    [
      0.76578,
      0.94825,
    ],
    [
      0.8371,
      0.96295,
    ],
    [
      0.88539,
      0.97265,
    ],
    [
      0.91856,
      0.97954,
    ],
    [
      0.94162,
      0.98459,
    ],
    [
      0.95783,
      0.98832,
    ],
    [
      0.96934,
      0.99109,
    ],
    [
      0.9776,
      0.99315,
    ],
    [
      0.98356,
      0.99469,
    ],
    [
      0.9879,
      0.99583,
    ],
    [
      0.99107,
      0.99668,
    ],
    [
      0.99339,
      0.99731,
    ],
    [
      0.99511,
      0.99778,
    ],
    [
      0.99637,
      0.99813,
    ],
    [
      0.99731,
      0.99839,
    ],
    [
      0.998,
      0.99859,
    ],
    [
      0.99852,
      0.99873,
    ],
  ],
  "layout": {
    "R": 0.42992,
    "ab": {
      "R": 0.44973,
      "liner": 0.41973,
      "z0": 0.55062,
      "z1": 2.5989,
    },
    "exhaustExit": {
      "radius": 0.28596,
      "z": 2.8989,
    },
    "flanges": [
      -2.2,
      -1.5191,
      -0.94888,
      -0.79881,
      0.1206,
      0.55062,
      1.5748,
      2.5489,
    ],
    "gas": {
      "casing": [
        [
          0.37025,
          -1.0389,
        ],
        [
          0.37001,
          -0.79881,
        ],
        [
          0.37001,
          0.00058334,
        ],
        [
          0.3651,
          0.20062,
        ],
        [
          0.39969,
          0.55062,
        ],
      ],
      "combustor": {
        "injectors": 10,
        "rIn": 0.20028,
        "rOut": 0.36001,
        "z0": -0.81881,
        "z1": 0.00058334,
      },
      "hpc": {
        "blades": [
          42,
          52,
        ],
        "hub": [
          0.21013,
          0.25024,
        ],
        "loading": 0.49776,
        "pitch": 0.20007,
        "stages": 3,
        "tip": [
          0.35022,
          0.33025,
        ],
        "uMean": 347.2,
        "uTip": 418,
        "z0": -1.419,
        "z1": -1.0189,
      },
      "hpt": {
        "blades": [
          58,
          58,
        ],
        "hub": [
          0.25999,
          0.26016,
        ],
        "loading": 1.2816,
        "pitch": 0.16004,
        "stages": 1,
        "tip": [
          0.3601,
          0.3601,
        ],
        "uMean": 374.89,
        "uTip": 429.8,
        "z0": 0.16062,
        "z1": 0.16062,
      },
      "lpc": {
        "blades": [
          24,
          40,
        ],
        "firstChord": 1.15,
        "firstMaterial": "titanium",
        "hub": [
          0.1398,
          0.19918,
        ],
        "loading": 0.38573,
        "part": "booster",
        "pitch": 0.21534,
        "stages": 3,
        "tip": [
          0.39492,
          0.35978,
        ],
        "uMean": 342.62,
        "uTip": 461,
        "z0": -2.0499,
        "z1": -1.6192,
      },
      "lpt": {
        "blades": [
          64,
          64,
        ],
        "hub": [
          0.25971,
          0.25962,
        ],
        "loading": 0.93807,
        "pitch": 0.16,
        "stages": 1,
        "tip": [
          0.37969,
          0.37969,
        ],
        "uMean": 379.68,
        "uTip": 443.22,
        "z0": 0.38062,
        "z1": 0.38062,
      },
      "shafts": {
        "hp": [
          -1.499,
          0.21062,
          0.11851,
        ],
        "lp": [
          -2.1,
          0.45062,
          0.060176,
        ],
      },
    },
    "igv": 6,
    "intake": {
      "radius": 0.39992,
      "y": 0,
      "z": -2.3,
    },
    "intakeZ": -2.2,
    "noseLen": 0.30014,
    "nozzle": {
      "divergent": 0,
      "flaps": 14,
      "hingeR": 0.42973,
      "primary": 0.3,
      "throat0": 0.28596,
    },
    "shell": [
      [
        0.42992,
        -2.08,
      ],
      [
        0.42992,
        -0.99888,
      ],
      [
        0.46501,
        -0.87881,
      ],
      [
        0.46501,
        -0.019417,
      ],
      [
        0.43969,
        0.14062,
      ],
      [
        0.43969,
        0.53062,
      ],
    ],
    "splitterZ": null,
    "standZ": [
      -1.2189,
      0.43062,
    ],
    "style": "bare",
    "tailCone": [
      0.50062,
      1.0877,
      0.24462,
    ],
    "throat": 0.39992,
    "vsv": [
      {
        "part": "booster",
        "z": [
          -1.9832,
          -1.8497,
          -1.7161,
        ],
      },
      {
        "part": "hpc",
        "z": [
          -1.357,
          -1.233,
          -1.1089,
        ],
      },
    ],
  },
  "ops": {
    "hpcMap": {
      "betaDesign": 0.5,
      "chokeFlowFactor": 1.04,
      "chokePRFactor": 0.66,
      "surgeFlowFactor": 0.9,
      "surgePRFactor": 1.18,
    },
    "inertia": {
      "hp": 6,
      "lp": 10,
    },
    "limits": {
      "egtAmber": 860,
      "egtDamage": 1000,
      "egtDamageSeconds": 4,
      "egtRedline": 890,
      "egtStart": 700,
      "fuelOnMinN2": 0.2,
      "idleN2": 0.62,
      "ignitionMinFar": 0.0055,
      "leanBlowoutFar": 0.0042,
      "n1Redline": 1.04,
      "n2Redline": 1.05,
      "starterCutout": 0.56,
    },
    "start": {
      "farHigh": 0.018,
      "farLow": 0.011,
      "starterFadeN2": 0.7,
      "starterTorque": 170,
    },
  },
  "start": [
    [
      0,
      0.043767,
      15.008,
      0,
    ],
    [
      0,
      0.083689,
      15.092,
      0,
    ],
    [
      0,
      0.11999,
      15.368,
      0,
    ],
    [
      0,
      0.1528,
      15.677,
      0,
    ],
    [
      0,
      0.18233,
      15.896,
      0,
    ],
    [
      0,
      0.20872,
      16.197,
      0,
    ],
    [
      0,
      0.23207,
      16.575,
      0,
    ],
    [
      0,
      0.25668,
      552.58,
      1,
    ],
    [
      0,
      0.27994,
      578.09,
      1,
    ],
    [
      0,
      0.30274,
      568.22,
      1,
    ],
    [
      0,
      0.32571,
      554.41,
      1,
    ],
    [
      0,
      0.34958,
      539.66,
      1,
    ],
    [
      0,
      0.37532,
      523.78,
      1,
    ],
    [
      0,
      0.40425,
      506.07,
      1,
    ],
    [
      0,
      0.43834,
      485.44,
      1,
    ],
    [
      0,
      0.48062,
      460.25,
      1,
    ],
    [
      0,
      0.53571,
      428.12,
      1,
    ],
    [
      0,
      0.60335,
      388.05,
      1,
    ],
    [
      0.14757,
      0.74502,
      388.59,
      1,
    ],
    [
      0.17509,
      0.74666,
      298.54,
      1,
    ],
    [
      0.17921,
      0.74621,
      285.25,
      1,
    ],
    [
      0.17987,
      0.74612,
      283.45,
      1,
    ],
    [
      0.17998,
      0.74611,
      283.21,
      1,
    ],
    [
      0.18,
      0.74611,
      283.17,
      1,
    ],
    [
      0.18,
      0.7461,
      283.17,
      1,
    ],
  ],
}
`;

exports[`altın yerleşim, çalışabilirlik ve geçişler (şablonlar) > turboprop 1`] = `
{
  "accel": [
    [
      0.69985,
      0.69427,
    ],
    [
      0.89374,
      0.77883,
    ],
    [
      0.98492,
      0.8395,
    ],
    [
      1.0161,
      0.88085,
    ],
    [
      1.0276,
      0.90974,
    ],
    [
      1.0307,
      0.93064,
    ],
    [
      1.0301,
      0.94617,
    ],
    [
      1.0278,
      0.95792,
    ],
    [
      1.0247,
      0.96693,
    ],
    [
      1.0216,
      0.97391,
    ],
    [
      1.0186,
      0.97935,
    ],
    [
      1.0158,
      0.98363,
    ],
    [
      1.0134,
      0.98699,
    ],
    [
      1.0112,
      0.98965,
    ],
    [
      1.0093,
      0.99175,
    ],
    [
      1.0078,
      0.99343,
    ],
    [
      1.0064,
      0.99476,
    ],
    [
      1.0053,
      0.99581,
    ],
    [
      1.0043,
      0.99666,
    ],
    [
      1.0035,
      0.99733,
    ],
  ],
  "layout": {
    "case": [
      [
        0.30016,
        -0.84,
      ],
      [
        0.32016,
        -0.6,
      ],
      [
        0.30013,
        -0.29958,
      ],
      [
        0.36022,
        -0.099396,
      ],
      [
        0.37006,
        0.40094,
      ],
      [
        0.32995,
        0.621,
      ],
      [
        0.32003,
        1.0007,
      ],
    ],
    "engineR": 0.42006,
    "exhaust": {
      "coneR": 0.15024,
      "coneZ1": 1.4207,
      "r0": 0.30003,
      "radius": 0.26997,
      "z0": 0.98072,
      "z1": 1.6207,
    },
    "exhaustExit": {
      "radius": 0.26997,
      "z": 1.6207,
    },
    "gas": {
      "casing": [
        [
          0.21016,
          -0.78,
        ],
        [
          0.18013,
          -0.29958,
        ],
        [
          0.28022,
          -0.049396,
        ],
        [
          0.28006,
          0.45094,
        ],
        [
          0.22995,
          0.561,
        ],
        [
          0.27003,
          0.95072,
        ],
      ],
      "centrifugal": {
        "r0": 0.12007,
        "r1": 0.16183,
        "rd": 0.26022,
        "uTip": 504.52,
        "z": -0.1394,
      },
      "combustor": {
        "injectors": 14,
        "rIn": 0.14002,
        "rOut": 0.26006,
        "z0": 0.060866,
        "z1": 0.46094,
      },
      "hpc": {
        "blades": [
          26,
          36,
        ],
        "hub": [
          0.10008,
          0.13007,
        ],
        "loading": 0.24033,
        "pitch": 0.14014,
        "stages": 4,
        "tip": [
          0.20016,
          0.17013,
        ],
        "uMean": 482.71,
        "uTip": 624,
        "z0": -0.72,
        "z1": -0.29958,
      },
      "hpt": {
        "blades": [
          44,
          44,
        ],
        "hub": [
          0.15,
          0.14981,
        ],
        "loading": 1.1857,
        "pitch": 0.16011,
        "stages": 1,
        "tip": [
          0.21995,
          0.21995,
        ],
        "uMean": 586.77,
        "uTip": 685.7,
        "z0": 0.561,
        "z1": 0.561,
      },
      "lpt": {
        "blades": [
          52,
          58,
        ],
        "hub": [
          0.15003,
          0.15024,
        ],
        "loading": 0.79198,
        "pitch": 0.15987,
        "stages": 2,
        "tip": [
          0.23011,
          0.26003,
        ],
        "uMean": 433.79,
        "uTip": 491,
        "z0": 0.74085,
        "z1": 0.90072,
      },
      "shafts": {
        "hp": [
          -0.78,
          0.601,
          0.059308,
        ],
        "lp": [
          -1.7,
          0.95072,
          0.032619,
        ],
      },
    },
    "gearbox": {
      "z0": -1.8,
      "z1": -0.82,
    },
    "intake": {
      "radius": 0.2,
      "y": -0.62,
      "z": -1.62,
    },
    "prop": {
      "blades": 6,
      "gearRatio": 16.98,
      "radius": 1.965,
      "z": -2.08,
    },
    "standZ": [
      -1.25,
      0.35094,
    ],
    "style": "turboprop",
  },
  "ops": {
    "hpcMap": {
      "betaDesign": 0.5,
      "chokeFlowFactor": 1.03,
      "chokePRFactor": 0.62,
      "surgeFlowFactor": 0.91,
      "surgePRFactor": 1.2,
    },
    "inertia": {
      "hp": 0.35,
      "lp": 0.3,
    },
    "limits": {
      "egtAmber": 870,
      "egtDamage": 1010,
      "egtDamageSeconds": 4,
      "egtRedline": 900,
      "egtStart": 850,
      "fuelOnMinN2": 0.2,
      "idleN2": 0.62,
      "ignitionMinFar": 0.0055,
      "leanBlowoutFar": 0.0042,
      "n1Redline": 1.04,
      "n2Redline": 1.05,
      "starterCutout": 0.56,
    },
    "start": {
      "farHigh": 0.017,
      "farLow": 0.01,
      "starterFadeN2": 0.6,
      "starterTorque": 34,
    },
  },
  "start": [
    [
      0,
      0.055693,
      15.069,
      0,
    ],
    [
      0,
      0.10427,
      15.678,
      0,
    ],
    [
      0,
      0.14627,
      16.744,
      0,
    ],
    [
      0,
      0.18192,
      18.193,
      0,
    ],
    [
      0.000072387,
      0.21123,
      20.046,
      0,
    ],
    [
      0.0015207,
      0.23516,
      82.94,
      1,
    ],
    [
      0.017332,
      0.26663,
      505.69,
      1,
    ],
    [
      0.046969,
      0.29829,
      531.94,
      1,
    ],
    [
      0.079681,
      0.3317,
      514.31,
      1,
    ],
    [
      0.11462,
      0.36874,
      489.89,
      1,
    ],
    [
      0.1553,
      0.41172,
      461.58,
      1,
    ],
    [
      0.20454,
      0.46323,
      428.62,
      1,
    ],
    [
      0.26491,
      0.52473,
      390.73,
      1,
    ],
    [
      0.33681,
      0.5911,
      350.78,
      1,
    ],
    [
      0.40532,
      0.61933,
      285.34,
      1,
    ],
    [
      0.45528,
      0.61993,
      265.95,
      1,
    ],
    [
      0.49308,
      0.61999,
      263.6,
      1,
    ],
    [
      0.52199,
      0.62,
      263.31,
      1,
    ],
    [
      0.54423,
      0.62,
      263.28,
      1,
    ],
    [
      0.56138,
      0.62,
      263.27,
      1,
    ],
    [
      0.57464,
      0.62,
      263.27,
      1,
    ],
    [
      0.58489,
      0.62,
      263.27,
      1,
    ],
    [
      0.59281,
      0.62,
      263.27,
      1,
    ],
    [
      0.59895,
      0.62,
      263.27,
      1,
    ],
    [
      0.6037,
      0.62,
      263.27,
      1,
    ],
  ],
}
`;
