// Vitest Snapshot v1, https://vitest.dev/guide/snapshot.html

exports[`altın yerleşim, çalışabilirlik ve geçişler (şablonlar) > askeri turbofan 1`] = `
{
  "accel": [
    [
      0.37298,
      0.74961,
    ],
    [
      0.56974,
      0.85665,
    ],
    [
      0.69744,
      0.90868,
    ],
    [
      0.78316,
      0.93655,
    ],
    [
      0.84273,
      0.95433,
    ],
    [
      0.88502,
      0.9666,
    ],
    [
      0.91546,
      0.97534,
    ],
    [
      0.93758,
      0.98167,
    ],
    [
      0.95377,
      0.9863,
    ],
    [
      0.96568,
      0.9897,
    ],
    [
      0.97447,
      0.99222,
    ],
    [
      0.98099,
      0.99409,
    ],
    [
      0.98583,
      0.99548,
    ],
    [
      0.98943,
      0.99651,
    ],
    [
      0.99211,
      0.99729,
    ],
    [
      0.99411,
      0.99786,
    ],
    [
      0.9956,
      0.99829,
    ],
    [
      0.99671,
      0.99861,
    ],
    [
      0.99755,
      0.99885,
    ],
    [
      0.99817,
      0.99903,
    ],
  ],
  "layout": {
    "R": 0.4372,
    "ab": {
      "R": 0.47667,
      "liner": 0.44667,
      "z0": 0.78269,
      "z1": 2.2567,
    },
    "exhaustExit": {
      "radius": 0.28899,
      "z": 2.8967,
    },
    "flanges": [
      -2.2,
      -1.5655,
      -0.45671,
      -0.36161,
      0.23513,
      0.78269,
      1.5197,
      2.2067,
    ],
    "gas": {
      "casing": [
        [
          0.31207,
          -0.54671,
        ],
        [
          0.30785,
          -0.36161,
        ],
        [
          0.30785,
          0.1285,
        ],
        [
          0.30023,
          0.30176,
        ],
        [
          0.3953,
          0.78269,
        ],
      ],
      "combustor": {
        "injectors": 18,
        "rIn": 0.17033,
        "rOut": 0.29785,
        "z0": -0.38161,
        "z1": 0.1285,
      },
      "hpc": {
        "blades": [
          40,
          72,
        ],
        "hub": [
          0.18128,
          0.24482,
        ],
        "loading": 0.25217,
        "pitch": 0.096733,
        "stages": 10,
        "tip": [
          0.30365,
          0.27207,
        ],
        "uMean": 417.28,
        "uTip": 498,
        "z0": -1.3973,
        "z1": -0.52671,
      },
      "hpt": {
        "blades": [
          62,
          52,
        ],
        "hub": [
          0.22024,
          0.20837,
        ],
        "loading": 2.4268,
        "pitch": 0.1523,
        "stages": 1,
        "tip": [
          0.29523,
          0.29523,
        ],
        "uMean": 423.11,
        "uTip": 484.19,
        "z0": 0.26176,
        "z1": 0.26176,
      },
      "lpc": {
        "blades": [
          28,
          70,
        ],
        "firstChord": 1.25,
        "firstMaterial": "titanium",
        "hub": [
          0.18994,
          0.30978,
        ],
        "loading": 0.37033,
        "part": "fan",
        "pitch": 0.17734,
        "stages": 3,
        "tip": [
          0.45991,
          0.43001,
        ],
        "uMean": 395.76,
        "uTip": 501,
        "z0": -2.0202,
        "z1": -1.6655,
      },
      "lpt": {
        "blades": [
          70,
          79,
        ],
        "hub": [
          0.21595,
          0.22017,
        ],
        "loading": 1.2581,
        "pitch": 0.1847,
        "stages": 2,
        "tip": [
          0.34718,
          0.3753,
        ],
        "uMean": 325.05,
        "uTip": 378.2,
        "z0": 0.42799,
        "z1": 0.61269,
      },
      "shafts": {
        "hp": [
          -1.4773,
          0.31176,
          0.14783,
        ],
        "lp": [
          -2.1,
          0.68269,
          0.079771,
        ],
      },
    },
    "igv": 0,
    "intake": {
      "radius": 0.46491,
      "y": 0,
      "z": -2.3,
    },
    "intakeZ": -2.2,
    "noseLen": 0.36011,
    "nozzle": {
      "divergent": 0.34,
      "flaps": 16,
      "hingeR": 0.45667,
      "primary": 0.3,
      "throat0": 0.28899,
    },
    "shell": [
      [
        0.50491,
        -2.08,
      ],
      [
        0.51491,
        -1.9502,
      ],
      [
        0.51491,
        -1.5955,
      ],
      [
        0.4372,
        -1.4955,
      ],
      [
        0.4372,
        0.73269,
      ],
    ],
    "splitterZ": -1.5455,
    "standZ": [
      -0.96201,
      0.66269,
    ],
    "style": "bare",
    "tailCone": [
      0.73269,
      1.2251,
      0.20517,
    ],
    "throat": 0.46491,
    "vsv": [
      {
        "part": "fan",
        "z": [
          -1.9652,
          -1.8552,
        ],
      },
    ],
  },
  "ops": {
    "hpcMap": {
      "betaDesign": 0.5,
      "chokeFlowFactor": 1.03,
      "chokePRFactor": 0.62,
      "surgeFlowFactor": 0.91,
      "surgePRFactor": 1.2,
    },
    "inertia": {
      "hp": 4.09,
      "lp": 14,
    },
    "limits": {
      "egtAmber": 1100,
      "egtDamage": 1270,
      "egtDamageSeconds": 4,
      "egtRedline": 1130,
      "egtStart": 800,
      "fuelOnMinN2": 0.2,
      "idleN2": 0.64,
      "ignitionMinFar": 0.0055,
      "leanBlowoutFar": 0.0042,
      "n1Redline": 1.04,
      "n2Redline": 1.05,
      "starterCutout": 0.56,
    },
    "start": {
      "farHigh": 0.0165,
      "farLow": 0.0095,
      "starterFadeN2": 0.7,
      "starterTorque": 135.7,
    },
  },
  "start": [
    [
      0,
      0.036012,
      15.018,
      0,
    ],
    [
      0,
      0.068562,
      15.208,
      0,
    ],
    [
      0,
      0.097859,
      15.676,
      0,
    ],
    [
      0,
      0.12408,
      16.177,
      0,
    ],
    [
      0,
      0.14733,
      16.795,
      0,
    ],
    [
      0,
      0.16764,
      17.55,
      0,
    ],
    [
      0,
      0.18513,
      18.416,
      0,
    ],
    [
      0,
      0.19994,
      19.307,
      0,
    ],
    [
      0,
      0.21229,
      20.165,
      0,
    ],
    [
      0,
      0.22241,
      20.952,
      0,
    ],
    [
      0.0032566,
      0.24768,
      700.1,
      1,
    ],
    [
      0.010058,
      0.27953,
      663.89,
      1,
    ],
    [
      0.019406,
      0.3095,
      534.98,
      1,
    ],
    [
      0.033019,
      0.34585,
      491.96,
      1,
    ],
    [
      0.050609,
      0.39694,
      458.1,
      1,
    ],
    [
      0.06667,
      0.47584,
      411.59,
      1,
    ],
    [
      0.073256,
      0.59427,
      346.39,
      1,
    ],
    [
      0.17381,
      0.63584,
      282.83,
      1,
    ],
    [
      0.19912,
      0.6387,
      267.72,
      1,
    ],
    [
      0.20526,
      0.63959,
      266.44,
      1,
    ],
    [
      0.20691,
      0.63987,
      266.46,
      1,
    ],
    [
      0.20739,
      0.63996,
      266.52,
      1,
    ],
    [
      0.20754,
      0.63999,
      266.54,
      1,
    ],
    [
      0.20758,
      0.64,
      266.55,
      1,
    ],
    [
      0.2076,
      0.64,
      266.55,
      1,
    ],
  ],
}
`;

exports[`altın yerleşim, çalışabilirlik ve geçişler (şablonlar) > turbofan 1`] = `
{
  "accel": [
    [
      0.3091,
      0.69433,
    ],
    [
      0.45567,
      0.78692,
    ],
    [
      0.62235,
      0.87954,
    ],
    [
      0.74134,
      0.92481,
    ],
    [
      0.81728,
      0.9454,
    ],
    [
      0.86816,
      0.95924,
    ],
    [
      0.90385,
      0.96956,
    ],
    [
      0.92936,
      0.97719,
    ],
    [
      0.94781,
      0.98284,
    ],
    [
      0.96128,
      0.98704,
    ],
    [
      0.97118,
      0.99017,
    ],
    [
      0.9785,
      0.9925,
    ],
    [
      0.98393,
      0.99425,
    ],
    [
      0.98797,
      0.99556,
    ],
    [
      0.99099,
      0.99654,
    ],
    [
      0.99324,
      0.99727,
    ],
    [
      0.99493,
      0.99783,
    ],
    [
      0.9962,
      0.99824,
    ],
    [
      0.99715,
      0.99855,
    ],
    [
      0.99786,
      0.99878,
    ],
  ],
  "layout": {
    "booster": {
      "blades": [
        60,
        70,
      ],
      "hub": [
        0.55194,
        0.60044,
      ],
      "loading": 0.89086,
      "pitch": 0.20954,
      "stages": 3,
      "tip": [
        0.68992,
        0.68302,
      ],
      "uMean": 169.27,
      "uTip": 184.23,
      "z0": 0.19911,
      "z1": 0.6182,
    },
    "bypassExit": {
      "rCore": 0.88012,
      "rDuct": 1.3779,
      "z": 1.5196,
    },
    "chevrons": {
      "bypass": 18,
      "core": 0,
    },
    "combustor": {
      "injectors": 20,
      "rIn": 0.38736,
      "rOut": 0.50908,
      "z0": 1.7708,
      "z1": 2.0873,
    },
    "coreCowl": [
      [
        0.74792,
        0.019621,
      ],
      [
        0.79521,
        0.14962,
      ],
      [
        0.84925,
        0.5182,
      ],
      [
        0.87419,
        1.0897,
      ],
      [
        0.88302,
        1.7307,
      ],
      [
        0.86978,
        2.0873,
      ],
      [
        0.88421,
        2.3245,
      ],
      [
        0.86421,
        3.1971,
      ],
      [
        0.81421,
        3.4671,
      ],
    ],
    "coreNozzle": {
      "r0": 0.81421,
      "r1": 0.70311,
      "z0": 3.4671,
      "z1": 3.7671,
    },
    "exhaustDuct": [
      [
        0.81021,
        3.3121,
      ],
      [
        0.79421,
        3.3971,
      ],
      [
        0.76666,
        3.5271,
      ],
      [
        0.71311,
        3.6671,
      ],
      [
        0.70311,
        3.7671,
      ],
    ],
    "exhaustExit": {
      "radius": 0.61311,
      "z": 3.7571,
    },
    "fan": {
      "blades": [
        22,
        22,
      ],
      "hub": [
        0.45503,
        0.45569,
      ],
      "loading": 0.5561,
      "pitch": 0.46532,
      "stages": 1,
      "tip": [
        1.386,
        1.386,
      ],
      "uMean": 275.46,
      "uTip": 370.1,
      "z0": -0.28038,
      "z1": -0.28038,
    },
    "hpc": {
      "blades": [
        44,
        75,
      ],
      "hub": [
        0.31199,
        0.40364,
      ],
      "loading": 0.30815,
      "pitch": 0.087626,
      "stages": 9,
      "tip": [
        0.52199,
        0.438,
      ],
      "uMean": 450.14,
      "uTip": 552.1,
      "z0": 0.98967,
      "z1": 1.6907,
    },
    "hpt": {
      "blades": [
        111,
        101,
      ],
      "hub": [
        0.41905,
        0.39465,
      ],
      "loading": 1.2702,
      "pitch": 0.078431,
      "stages": 2,
      "tip": [
        0.4762,
        0.4762,
      ],
      "uMean": 468.48,
      "uTip": 503.67,
      "z0": 2.1461,
      "z1": 2.2245,
    },
    "intake": {
      "radius": 1.1,
      "y": 0,
      "z": -2.2504,
    },
    "lpt": {
      "blades": [
        110,
        131,
      ],
      "hub": [
        0.55023,
        0.54899,
      ],
      "loading": 2.914,
      "pitch": 0.13818,
      "stages": 6,
      "tip": [
        0.61137,
        0.76421,
      ],
      "uMean": 166.49,
      "uTip": 163.25,
      "z0": 2.5562,
      "z1": 3.2471,
    },
    "ogv": {
      "hub": 0.81654,
      "tip": 1.392,
      "z": 0.19962,
    },
    "plug": [
      [
        0.53899,
        3.4371,
      ],
      [
        0.53521,
        3.5853,
      ],
      [
        0.51743,
        3.7874,
      ],
      [
        0.47431,
        4.0434,
      ],
      [
        0.40424,
        4.3264,
      ],
      [
        0.31261,
        4.5891,
      ],
      [
        0.2129,
        4.8047,
      ],
      [
        0.11588,
        4.953,
      ],
      [
        0.040424,
        5.0298,
      ],
      [
        0,
        5.0608,
      ],
    ],
    "rearFrame": {
      "hub": 0.53899,
      "tip": 0.81021,
      "z": 3.4071,
    },
    "s": 1,
    "shafts": {
      "hp": [
        0.85967,
        2.0961,
        0.21702,
      ],
      "lp": [
        -1.5504,
        3.4571,
        0.11936,
      ],
    },
    "splitter": {
      "r": 0.74792,
      "z": 0.019621,
    },
    "struts": {
      "hub": 0.83361,
      "tip": 1.39,
      "z": 0.6182,
    },
    "style": "nacelle",
  },
  "ops": {
    "hpcMap": {
      "betaDesign": 0.5,
      "chokeFlowFactor": 1.03,
      "chokePRFactor": 0.62,
      "surgeFlowFactor": 0.91,
      "surgePRFactor": 1.2,
    },
    "inertia": {
      "hp": 28,
      "lp": 700,
    },
    "limits": {
      "egtAmber": 975,
      "egtDamage": 1150,
      "egtDamageSeconds": 4,
      "egtRedline": 1010,
      "egtStart": 750,
      "fuelOnMinN2": 0.2,
      "idleN2": 0.62,
      "ignitionMinFar": 0.0055,
      "leanBlowoutFar": 0.0042,
      "n1Redline": 1.04,
      "n2Redline": 1.05,
      "starterCutout": 0.56,
    },
    "start": {
      "farHigh": 0.0165,
      "farLow": 0.0095,
      "starterFadeN2": 0.72,
      "starterTorque": 520,
    },
  },
  "start": [
    [
      0,
      0.031097,
      15.019,
      0,
    ],
    [
      0,
      0.05964,
      15.225,
      0,
    ],
    [
      0,
      0.085763,
      15.735,
      0,
    ],
    [
      0,
      0.10957,
      16.404,
      0,
    ],
    [
      0,
      0.13111,
      17.206,
      0,
    ],
    [
      0,
      0.15036,
      18.186,
      0,
    ],
    [
      0,
      0.16731,
      19.351,
      0,
    ],
    [
      0,
      0.18196,
      20.624,
      0,
    ],
    [
      0,
      0.19446,
      21.887,
      0,
    ],
    [
      0,
      0.20498,
      23.083,
      0,
    ],
    [
      0.0000010703,
      0.21369,
      24.173,
      0,
    ],
    [
      0.000082036,
      0.22083,
      25.132,
      0,
    ],
    [
      0.0031373,
      0.23956,
      598.01,
      1,
    ],
    [
      0.010584,
      0.26766,
      626.69,
      1,
    ],
    [
      0.021147,
      0.29476,
      525.4,
      1,
    ],
    [
      0.036855,
      0.32682,
      490.74,
      1,
    ],
    [
      0.05564,
      0.36784,
      460.85,
      1,
    ],
    [
      0.074543,
      0.42372,
      423.4,
      1,
    ],
    [
      0.096636,
      0.50299,
      374.08,
      1,
    ],
    [
      0.13629,
      0.59901,
      319.92,
      1,
    ],
    [
      0.19462,
      0.61742,
      264.65,
      1,
    ],
    [
      0.21144,
      0.61919,
      255.31,
      1,
    ],
    [
      0.21662,
      0.61974,
      254.53,
      1,
    ],
    [
      0.21821,
      0.61992,
      254.53,
      1,
    ],
    [
      0.2187,
      0.61997,
      254.55,
      1,
    ],
  ],
}
`;

exports[`altın yerleşim, çalışabilirlik ve geçişler (şablonlar) > turbojet 1`] = `
{
  "accel": [
    [
      0.30031,
      0.79768,
    ],
    [
      0.49357,
      0.86928,
    ],
    [
      0.65742,
      0.92197,
    ],
    [
      0.76578,
      0.94825,
    ],
    [
      0.8371,
      0.96295,
    ],
    [
      0.88539,
      0.97265,
    ],
    [
      0.91856,
      0.97954,
    ],
    [
      0.94162,
      0.98459,
    ],
    [
      0.95783,
      0.98832,
    ],
    [
      0.96934,
      0.99109,
    ],
    [
      0.9776,
      0.99315,
    ],
    [
      0.98356,
      0.99469,
    ],
    [
      0.9879,
      0.99583,
    ],
    [
      0.99107,
      0.99668,
    ],
    [
      0.99339,
      0.99731,
    ],
    [
      0.99511,
      0.99778,
    ],
    [
      0.99637,
      0.99813,
    ],
    [
      0.99731,
      0.99839,
    ],
    [
      0.998,
      0.99859,
    ],
    [
      0.99852,
      0.99873,
    ],
  ],
  "layout": {
    "R": 0.42992,
    "ab": {
      "R": 0.44973,
      "liner": 0.41973,
      "z0": 0.55062,
      "z1": 2.5989,
    },
    "exhaustExit": {
      "radius": 0.28596,
      "z": 2.8989,
    },
    "flanges": [
      -2.2,
      -1.5191,
      -0.94888,
      -0.79881,
      0.1206,
      0.55062,
      1.5748,
      2.5489,
    ],
    "gas": {
      "casing": [
        [
          0.37025,
          -1.0389,
        ],
        [
          0.37001,
          -0.79881,
        ],
        [
          0.37001,
          0.00058334,
        ],
        [
          0.3651,
          0.20062,
        ],
        [
          0.39969,
          0.55062,
        ],
      ],
      "combustor": {
        "injectors": 10,
        "rIn": 0.20028,
        "rOut": 0.36001,
        "z0": -0.81881,
        "z1": 0.00058334,
      },
      "hpc": {
        "blades": [
          42,
          52,
        ],
        "hub": [
          0.21013,
          0.25024,
        ],
        "loading": 0.49776,
        "pitch": 0.20007,
        "stages": 3,
        "tip": [
          0.35022,
          0.33025,
        ],
        "uMean": 347.2,
        "uTip": 418,
        "z0": -1.419,
        "z1": -1.0189,
      },
      "hpt": {
        "blades": [
          58,
          58,
        ],
        "hub": [
          0.25999,
          0.26016,
        ],
        "loading": 1.2816,
        "pitch": 0.16004,
        "stages": 1,
        "tip": [
          0.3601,
          0.3601,
        ],
        "uMean": 374.89,
        "uTip": 429.8,
        "z0": 0.16062,
        "z1": 0.16062,
      },
      "lpc": {
        "blades": [
          24,
          40,
        ],
        "firstChord": 1.15,
        "firstMaterial": "titanium",
        "hub": [
          0.1398,
          0.19918,
        ],
        "loading": 0.38573,
        "part": "booster",
        "pitch": 0.21534,
        "stages": 3,
        "tip": [
          0.39492,
          0.35978,
        ],
        "uMean": 342.62,
        "uTip": 461,
        "z0": -2.0499,
        "z1": -1.6192,
      },
      "lpt": {
        "blades": [
          64,
          64,
        ],
        "hub": [
          0.25971,
          0.25962,
        ],
        "loading": 0.93807,
        "pitch": 0.16,
        "stages": 1,
        "tip": [
          0.37969,
          0.37969,
        ],
        "uMean": 379.68,
        "uTip": 443.22,
        "z0": 0.38062,
        "z1": 0.38062,
      },
      "shafts": {
        "hp": [
          -1.499,
          0.21062,
          0.11851,
        ],
        "lp": [
          -2.1,
          0.45062,
          0.060176,
        ],
      },
    },
    "igv": 6,
    "intake": {
      "radius": 0.39992,
      "y": 0,
      "z": -2.3,
    },
    "intakeZ": -2.2,
    "noseLen": 0.30014,
    "nozzle": {
      "divergent": 0,
      "flaps": 14,
      "hingeR": 0.42973,
      "primary": 0.3,
      "throat0": 0.28596,
    },
    "shell": [
      [
        0.42992,
        -2.08,
      ],
      [
        0.42992,
        -0.99888,
      ],
      [
        0.46501,
        -0.87881,
      ],
      [
        0.46501,
        -0.019417,
      ],
      [
        0.43969,
        0.14062,
      ],
      [
        0.43969,
        0.53062,
      ],
    ],
    "splitterZ": null,
    "standZ": [
      -1.2189,
      0.43062,
    ],
    "style": "bare",
    "tailCone": [
      0.50062,
      1.0877,
      0.24462,
    ],
    "throat": 0.39992,
    "vsv": [
      {
        "part": "booster",
        "z": [
          -1.9832,
          -1.8497,
          -1.7161,
        ],
      },
      {
        "part": "hpc",
        "z": [
          -1.357,
          -1.233,
          -1.1089,
        ],
      },
    ],
  },
  "ops": {
    "hpcMap": {
      "betaDesign": 0.5,
      "chokeFlowFactor": 1.04,
      "chokePRFactor": 0.66,
      "surgeFlowFactor": 0.9,
      "surgePRFactor": 1.18,
    },
    "inertia": {
      "hp": 6,
      "lp": 10,
    },
    "limits": {
      "egtAmber": 860,
      "egtDamage": 1000,
      "egtDamageSeconds": 4,
      "egtRedline": 890,
      "egtStart": 700,
      "fuelOnMinN2": 0.2,
      "idleN2": 0.62,
      "ignitionMinFar": 0.0055,
      "leanBlowoutFar": 0.0042,
      "n1Redline": 1.04,
      "n2Redline": 1.05,
      "starterCutout": 0.56,
    },
    "start": {
      "farHigh": 0.018,
      "farLow": 0.011,
      "starterFadeN2": 0.7,
      "starterTorque": 170,
    },
  },
  "start": [
    [
      0,
      0.043767,
      15.008,
      0,
    ],
    [
      0,
      0.083689,
      15.092,
      0,
    ],
    [
      0,
      0.11999,
      15.368,
      0,
    ],
    [
      0,
      0.1528,
      15.677,
      0,
    ],
    [
      0,
      0.18233,
      15.896,
      0,
    ],
    [
      0,
      0.20872,
      16.197,
      0,
    ],
    [
      0,
      0.23207,
      16.575,
      0,
    ],
    [
      0,
      0.25668,
      552.58,
      1,
    ],
    [
      0,
      0.27994,
      578.09,
      1,
    ],
    [
      0,
      0.30274,
      568.22,
      1,
    ],
    [
      0,
      0.32571,
      554.41,
      1,
    ],
    [
      0,
      0.34958,
      539.66,
      1,
    ],
    [
      0,
      0.37532,
      523.78,
      1,
    ],
    [
      0,
      0.40425,
      506.07,
      1,
    ],
    [
      0,
      0.43834,
      485.44,
      1,
    ],
    [
      0,
      0.48062,
      460.25,
      1,
    ],
    [
      0,
      0.53571,
      428.12,
      1,
    ],
    [
      0,
      0.60335,
      388.05,
      1,
    ],
    [
      0.14757,
      0.74502,
      388.59,
      1,
    ],
    [
      0.17509,
      0.74666,
      298.54,
      1,
    ],
    [
      0.17921,
      0.74621,
      285.25,
      1,
    ],
    [
      0.17987,
      0.74612,
      283.45,
      1,
    ],
    [
      0.17998,
      0.74611,
      283.21,
      1,
    ],
    [
      0.18,
      0.74611,
      283.17,
      1,
    ],
    [
      0.18,
      0.7461,
      283.17,
      1,
    ],
  ],
}
`;

exports[`altın yerleşim, çalışabilirlik ve geçişler (şablonlar) > turboprop 1`] = `
{
  "accel": [
    [
      0.69974,
      0.69431,
    ],
    [
      0.89355,
      0.77887,
    ],
    [
      0.98489,
      0.83951,
    ],
    [
      1.0161,
      0.88085,
    ],
    [
      1.0276,
      0.90974,
    ],
    [
      1.0307,
      0.93064,
    ],
    [
      1.0301,
      0.94616,
    ],
    [
      1.0278,
      0.95791,
    ],
    [
      1.0248,
      0.96692,
    ],
    [
      1.0216,
      0.9739,
    ],
    [
      1.0186,
      0.97935,
    ],
    [
      1.0158,
      0.98362,
    ],
    [
      1.0134,
      0.98698,
    ],
    [
      1.0112,
      0.98964,
    ],
    [
      1.0093,
      0.99175,
    ],
    [
      1.0078,
      0.99342,
    ],
    [
      1.0064,
      0.99475,
    ],
    [
      1.0053,
      0.99581,
    ],
    [
      1.0043,
      0.99665,
    ],
    [
      1.0036,
      0.99733,
    ],
  ],
  "layout": {
    "case": [
      [
        0.25128,
        -0.84,
      ],
      [
        0.27128,
        -0.6,
      ],
      [
        0.25858,
        -0.32912,
      ],
      [
        0.40151,
        -0.17743,
      ],
      [
        0.30402,
        0.22722,
      ],
      [
        0.28463,
        0.40422,
      ],
      [
        0.32003,
        0.72206,
      ],
    ],
    "engineR": 0.45151,
    "exhaust": {
      "coneR": 0.18482,
      "coneZ1": 1.1421,
      "r0": 0.30003,
      "radius": 0.26997,
      "z0": 0.70206,
      "z1": 1.3421,
    },
    "exhaustExit": {
      "radius": 0.26997,
      "z": 1.3421,
    },
    "gas": {
      "casing": [
        [
          0.16128,
          -0.78,
        ],
        [
          0.13858,
          -0.32912,
        ],
        [
          0.32151,
          -0.12743,
        ],
        [
          0.21402,
          0.27722,
        ],
        [
          0.18463,
          0.34422,
        ],
        [
          0.27003,
          0.67206,
        ],
      ],
      "centrifugal": {
        "r0": 0.071495,
        "r1": 0.18751,
        "rd": 0.30151,
        "uTip": 582.57,
        "z": -0.21743,
      },
      "combustor": {
        "injectors": 14,
        "rIn": 0.13319,
        "rOut": 0.19402,
        "z0": -0.077791,
        "z1": 0.28722,
      },
      "hpc": {
        "blades": [
          23,
          21,
        ],
        "hub": [
          0.068074,
          0.081495,
        ],
        "loading": 0.26681,
        "pitch": 0.097719,
        "stages": 5,
        "tip": [
          0.15128,
          0.12858,
        ],
        "uMean": 349.44,
        "uTip": 470,
        "z0": -0.72,
        "z1": -0.32912,
      },
      "hpt": {
        "blades": [
          75,
          56,
        ],
        "hub": [
          0.1397,
          0.12976,
        ],
        "loading": 1.7381,
        "pitch": 0.091203,
        "stages": 1,
        "tip": [
          0.17463,
          0.17463,
        ],
        "uMean": 484.63,
        "uTip": 542.55,
        "z0": 0.34422,
        "z1": 0.34422,
      },
      "lpt": {
        "blades": [
          52,
          92,
        ],
        "hub": [
          0.15003,
          0.18482,
        ],
        "loading": 0.81072,
        "pitch": 0.13075,
        "stages": 2,
        "tip": [
          0.23011,
          0.26003,
        ],
        "uMean": 428.74,
        "uTip": 470,
        "z0": 0.49131,
        "z1": 0.62206,
      },
      "shafts": {
        "hp": [
          -0.78,
          0.38422,
          0.059376,
        ],
        "lp": [
          -1.7,
          0.67206,
          0.032657,
        ],
      },
    },
    "gearbox": {
      "z0": -1.8,
      "z1": -0.82,
    },
    "intake": {
      "radius": 0.17398,
      "y": -0.62,
      "z": -1.62,
    },
    "prop": {
      "blades": 6,
      "gearRatio": 16.254,
      "radius": 1.965,
      "z": -2.08,
    },
    "standZ": [
      -1.25,
      0.17722,
    ],
    "style": "turboprop",
  },
  "ops": {
    "hpcMap": {
      "betaDesign": 0.5,
      "chokeFlowFactor": 1.03,
      "chokePRFactor": 0.62,
      "surgeFlowFactor": 0.91,
      "surgePRFactor": 1.2,
    },
    "inertia": {
      "hp": 0.352,
      "lp": 0.328,
    },
    "limits": {
      "egtAmber": 870,
      "egtDamage": 1010,
      "egtDamageSeconds": 4,
      "egtRedline": 900,
      "egtStart": 850,
      "fuelOnMinN2": 0.2,
      "idleN2": 0.62,
      "ignitionMinFar": 0.0055,
      "leanBlowoutFar": 0.0042,
      "n1Redline": 1.04,
      "n2Redline": 1.05,
      "starterCutout": 0.56,
    },
    "start": {
      "farHigh": 0.017,
      "farLow": 0.01,
      "starterFadeN2": 0.6,
      "starterTorque": 34.1,
    },
  },
  "start": [
    [
      0,
      0.055725,
      15.069,
      0,
    ],
    [
      0,
      0.10433,
      15.679,
      0,
    ],
    [
      0,
      0.14634,
      16.746,
      0,
    ],
    [
      0,
      0.18199,
      18.196,
      0,
    ],
    [
      0.00007332,
      0.2113,
      20.052,
      0,
    ],
    [
      0.0015234,
      0.23523,
      82.941,
      1,
    ],
    [
      0.017333,
      0.26672,
      505.64,
      1,
    ],
    [
      0.046969,
      0.29839,
      531.87,
      1,
    ],
    [
      0.079687,
      0.33184,
      514.22,
      1,
    ],
    [
      0.11464,
      0.36893,
      489.78,
      1,
    ],
    [
      0.15535,
      0.41199,
      461.42,
      1,
    ],
    [
      0.20464,
      0.46361,
      428.4,
      1,
    ],
    [
      0.2651,
      0.52524,
      390.44,
      1,
    ],
    [
      0.33708,
      0.59169,
      350.46,
      1,
    ],
    [
      0.40541,
      0.61931,
      284.92,
      1,
    ],
    [
      0.45527,
      0.61992,
      265.92,
      1,
    ],
    [
      0.49301,
      0.61999,
      263.6,
      1,
    ],
    [
      0.52189,
      0.62,
      263.31,
      1,
    ],
    [
      0.54412,
      0.62,
      263.28,
      1,
    ],
    [
      0.56127,
      0.62,
      263.27,
      1,
    ],
    [
      0.57453,
      0.62,
      263.27,
      1,
    ],
    [
      0.58479,
      0.62,
      263.27,
      1,
    ],
    [
      0.59272,
      0.62,
      263.27,
      1,
    ],
    [
      0.59887,
      0.62,
      263.27,
      1,
    ],
    [
      0.60363,
      0.62,
      263.27,
      1,
    ],
  ],
}
`;
